// Jest Snapshot v1, https://goo.gl/fbAQLP

exports[`renders ListLink 1`] = `
<div>
  <a
    class="link"
    href="https://github.com/phoebedg/personal-website"
    rel="noopener noreferrer"
    target="_blank"
  >
    Personal Website
  </a>
</div>
`;
